Component: ARM Compiler 6.14.1 Tool: armlink [5db06d00]

==============================================================================

Section Cross References

    main.o(.text) refers to init_gpio.o(routines) for INIT_GPIO
    main.o(.text) refers to init_adc.o(routines) for INIT_ADC
    main.o(.text) refers to pwm_and_motor_init.o(pwm) for PWM_AND_MOTOR_INIT
    main.o(.text) refers to nokia_5110_lcd.o(SCREEN) for INIT_NOKIA_5510
    main.o(.text) refers to measure_pulse_width.o(PULSE_WIDTH) for MEASURE_PWM
    main.o(.text) refers to screen_outputs.o(routines) for NORMAL_MODE_OUTPUT
    main.o(.text) refers to adc_threshold.o(routines) for ADC_THRESHOLD
    startup.o(STACK) refers (Special) to heapauxi.o(.text) for __use_two_region_memory
    startup.o(HEAP) refers (Special) to heapauxi.o(.text) for __use_two_region_memory
    startup.o(RESET) refers (Special) to heapauxi.o(.text) for __use_two_region_memory
    startup.o(RESET) refers to startup.o(STACK) for StackMem
    startup.o(RESET) refers to main.o(.text) for __main
    startup.o(RESET) refers to my_motor_handler.o(routines) for MY_MOTOR_Handler
    startup.o(RESET) refers to my_gpio_portf_handler.o(routines) for My_GPIO_PORTF_Handler
    startup.o(.text) refers (Special) to heapauxi.o(.text) for __use_two_region_memory
    startup.o(.text) refers to startup.o(HEAP) for HeapMem
    startup.o(.text) refers to startup.o(STACK) for StackMem
    my_motor_handler.o(routines) refers to fullstepmode.o(subroutines) for FullStepMode
    bar_selection.o(routines) refers to nokia_5110_lcd.o(SCREEN) for PRINT_STRING
    adc_threshold.o(routines) refers to screen_outputs.o(routines) for THRESHOLD_MODE_OUTPUT
    adc_threshold.o(routines) refers to delay100.o(routines) for DELAY
    screen_outputs.o(routines) refers to nokia_5110_lcd.o(SCREEN) for PRINT_STRING
    screen_outputs.o(routines) refers to convert_print.o(routines) for CONVERT_PRINT
    screen_outputs.o(routines) refers to bar_selection.o(routines) for NORMAL_BAR_SELECTION


==============================================================================

Removing Unused input sections from the image.

    Removing startup.o(HEAP), (0 bytes).
    Removing startup.o(.text), (48 bytes).

2 unused section(s) (total 48 bytes) removed from the image.

==============================================================================

Image Symbol Table

    Local Symbols

    Symbol Name                              Value     Ov Type        Size  Object(Section)

    ../clib/heapaux.c                        0x00000000   Number         0  heapauxi.o ABSOLUTE
    ADC_THRESHOLD.s                          0x00000000   Number         0  adc_threshold.o ABSOLUTE
    BAR_SELECTION.s                          0x00000000   Number         0  bar_selection.o ABSOLUTE
    CONVERT_PRINT.s                          0x00000000   Number         0  convert_print.o ABSOLUTE
    DELAY100.s                               0x00000000   Number         0  delay100.o ABSOLUTE
    FullStepMode.s                           0x00000000   Number         0  fullstepmode.o ABSOLUTE
    INIT_ADC.s                               0x00000000   Number         0  init_adc.o ABSOLUTE
    INIT_GPIO.s                              0x00000000   Number         0  init_gpio.o ABSOLUTE
    MAIN.s                                   0x00000000   Number         0  main.o ABSOLUTE
    MEASURE_PULSE_WIDTH.s                    0x00000000   Number         0  measure_pulse_width.o ABSOLUTE
    MY_MOTOR_Handler.s                       0x00000000   Number         0  my_motor_handler.o ABSOLUTE
    My_GPIO_PORTF_Handler.s                  0x00000000   Number         0  my_gpio_portf_handler.o ABSOLUTE
    NOKIA_5110_LCD.s                         0x00000000   Number         0  nokia_5110_lcd.o ABSOLUTE
    PWM_AND_MOTOR_INIT.s                     0x00000000   Number         0  pwm_and_motor_init.o ABSOLUTE
    SCREEN_OUTPUTS.s                         0x00000000   Number         0  screen_outputs.o ABSOLUTE
    Startup.s                                0x00000000   Number         0  startup.o ABSOLUTE
    dc.s                                     0x00000000   Number         0  dc.o ABSOLUTE
    RESET                                    0x00000000   Section      652  startup.o(RESET)
    $v0                                      0x0000026c   Number         0  startup.o(RESET)
    $v0                                      0x0000028c   Number         0  main.o(.text)
    .text                                    0x0000028c   Section      144  main.o(.text)
    .text                                    0x0000031c   Section        0  heapauxi.o(.text)
    $v0                                      0x00000324   Number         0  measure_pulse_width.o(PULSE_WIDTH)
    PULSE_WIDTH                              0x00000324   Section      104  measure_pulse_width.o(PULSE_WIDTH)
    ASCII                                    0x0000038c   Data           5  nokia_5110_lcd.o(SCREEN)
    SCREEN                                   0x0000038c   Section      984  nokia_5110_lcd.o(SCREEN)
    $v0                                      0x00000568   Number         0  nokia_5110_lcd.o(SCREEN)
    $v0                                      0x00000764   Number         0  pwm_and_motor_init.o(pwm)
    pwm                                      0x00000764   Section      568  pwm_and_motor_init.o(pwm)
    $v0                                      0x0000099c   Number         0  delay100.o(routines)
    routines                                 0x0000099c   Section       28  delay100.o(routines)
    $v0                                      0x000009b8   Number         0  init_gpio.o(routines)
    routines                                 0x000009b8   Section      256  init_gpio.o(routines)
    $v0                                      0x00000ab8   Number         0  init_adc.o(routines)
    routines                                 0x00000ab8   Section      192  init_adc.o(routines)
    $v0                                      0x00000b78   Number         0  my_gpio_portf_handler.o(routines)
    routines                                 0x00000b78   Section      140  my_gpio_portf_handler.o(routines)
    $v0                                      0x00000c04   Number         0  my_motor_handler.o(routines)
    routines                                 0x00000c04   Section       24  my_motor_handler.o(routines)
    $v0                                      0x00000c1c   Number         0  convert_print.o(routines)
    routines                                 0x00000c1c   Section      180  convert_print.o(routines)
    normal_bar11                             0x00000cd0   Data          15  bar_selection.o(routines)
    routines                                 0x00000cd0   Section     1680  bar_selection.o(routines)
    normal_bar12                             0x00000cdf   Data          15  bar_selection.o(routines)
    normal_bar13                             0x00000cee   Data          15  bar_selection.o(routines)
    normal_bar14                             0x00000cfd   Data          15  bar_selection.o(routines)
    normal_bar15                             0x00000d0c   Data          15  bar_selection.o(routines)
    normal_bar16                             0x00000d1b   Data          15  bar_selection.o(routines)
    normal_bar17                             0x00000d2a   Data          15  bar_selection.o(routines)
    normal_bar18                             0x00000d39   Data          15  bar_selection.o(routines)
    normal_bar19                             0x00000d48   Data          15  bar_selection.o(routines)
    normal_bar21                             0x00000d57   Data          15  bar_selection.o(routines)
    normal_bar22                             0x00000d66   Data          15  bar_selection.o(routines)
    normal_bar23                             0x00000d75   Data          15  bar_selection.o(routines)
    normal_bar24                             0x00000d84   Data          15  bar_selection.o(routines)
    normal_bar25                             0x00000d93   Data          15  bar_selection.o(routines)
    normal_bar26                             0x00000da2   Data          15  bar_selection.o(routines)
    normal_bar27                             0x00000db1   Data          15  bar_selection.o(routines)
    normal_bar28                             0x00000dc0   Data          15  bar_selection.o(routines)
    normal_bar31                             0x00000dcf   Data          15  bar_selection.o(routines)
    normal_bar32                             0x00000dde   Data          15  bar_selection.o(routines)
    normal_bar33                             0x00000ded   Data          15  bar_selection.o(routines)
    normal_bar34                             0x00000dfc   Data          15  bar_selection.o(routines)
    normal_bar35                             0x00000e0b   Data          15  bar_selection.o(routines)
    normal_bar36                             0x00000e1a   Data          15  bar_selection.o(routines)
    normal_bar37                             0x00000e29   Data          15  bar_selection.o(routines)
    normal_bar41                             0x00000e38   Data          15  bar_selection.o(routines)
    normal_bar42                             0x00000e47   Data          15  bar_selection.o(routines)
    normal_bar43                             0x00000e56   Data          15  bar_selection.o(routines)
    normal_bar44                             0x00000e65   Data          15  bar_selection.o(routines)
    normal_bar45                             0x00000e74   Data          15  bar_selection.o(routines)
    normal_bar46                             0x00000e83   Data          15  bar_selection.o(routines)
    normal_bar51                             0x00000e92   Data          15  bar_selection.o(routines)
    normal_bar52                             0x00000ea1   Data          15  bar_selection.o(routines)
    normal_bar53                             0x00000eb0   Data          15  bar_selection.o(routines)
    normal_bar54                             0x00000ebf   Data          15  bar_selection.o(routines)
    normal_bar55                             0x00000ece   Data          15  bar_selection.o(routines)
    normal_bar61                             0x00000edd   Data          15  bar_selection.o(routines)
    normal_bar62                             0x00000eec   Data          15  bar_selection.o(routines)
    normal_bar63                             0x00000efb   Data          15  bar_selection.o(routines)
    normal_bar64                             0x00000f0a   Data          15  bar_selection.o(routines)
    normal_bar71                             0x00000f19   Data          15  bar_selection.o(routines)
    normal_bar72                             0x00000f28   Data          15  bar_selection.o(routines)
    normal_bar73                             0x00000f37   Data          15  bar_selection.o(routines)
    normal_bar81                             0x00000f46   Data          15  bar_selection.o(routines)
    normal_bar82                             0x00000f55   Data          15  bar_selection.o(routines)
    normal_bar91                             0x00000f64   Data          15  bar_selection.o(routines)
    $v0                                      0x00000f74   Number         0  bar_selection.o(routines)
    routines                                 0x00001360   Section      260  adc_threshold.o(routines)
    $v0                                      0x000013a8   Number         0  adc_threshold.o(routines)
    routines                                 0x00001464   Section      560  screen_outputs.o(routines)
    meas                                     0x0000147e   Data           7  screen_outputs.o(routines)
    thre                                     0x00001485   Data           7  screen_outputs.o(routines)
    normal                                   0x0000148c   Data          17  screen_outputs.o(routines)
    break                                    0x0000149d   Data          17  screen_outputs.o(routines)
    adjustment                               0x000014ae   Data          17  screen_outputs.o(routines)
    bosluk                                   0x000014bf   Data           4  screen_outputs.o(routines)
    buyuk_bosluk                             0x000014c3   Data          16  screen_outputs.o(routines)
    buyuk_bosluk2                            0x000014d3   Data          15  screen_outputs.o(routines)
    mm                                       0x000014e2   Data           3  screen_outputs.o(routines)
    no_meas                                  0x000014e5   Data           4  screen_outputs.o(routines)
    adjustment_bar                           0x000014e9   Data          14  screen_outputs.o(routines)
    break_bar                                0x000014f7   Data          15  screen_outputs.o(routines)
    break_again                              0x00001506   Data           4  screen_outputs.o(routines)
    $v0                                      0x0000150a   Number         0  screen_outputs.o(routines)
    $v0                                      0x00001694   Number         0  fullstepmode.o(subroutines)
    subroutines                              0x00001694   Section       80  fullstepmode.o(subroutines)
    StackMem                                 0x20000000   Data           0  startup.o(STACK)
    STACK                                    0x20000000   Section     1024  startup.o(STACK)

    Global Symbols

    Symbol Name                              Value     Ov Type        Size  Object(Section)

    BuildAttributes$$THM_ISAv4$E$P$D$K$B$S$7EM$VFPi3$EXTD16$VFPS$VFMA$PE$A:L22UL41UL21$X:L11$S22US41US21$IEEE1$IW$~IW$USESV6$~STKCKD$USESV7$~SHL$OSPACE$ROPI$EBA8$STANDARDLIB$REQ8$EABIv2 0x00000000   Number         0  anon$$obj.o ABSOLUTE
    __Vectors                                0x00000000   Data           0  startup.o(RESET)
    Reset_Handler                            0x0000026d   Thumb Code     0  startup.o(RESET)
    NMI_Handler                              0x00000271   Thumb Code     2  startup.o(RESET)
    HardFault_Handler                        0x00000273   Thumb Code     2  startup.o(RESET)
    MemManage_Handler                        0x00000275   Thumb Code     2  startup.o(RESET)
    BusFault_Handler                         0x00000277   Thumb Code     2  startup.o(RESET)
    UsageFault_Handler                       0x00000279   Thumb Code     2  startup.o(RESET)
    SVC_Handler                              0x0000027b   Thumb Code     2  startup.o(RESET)
    DebugMon_Handler                         0x0000027d   Thumb Code     2  startup.o(RESET)
    PendSV_Handler                           0x0000027f   Thumb Code     2  startup.o(RESET)
    SysTick_Handler                          0x00000281   Thumb Code     2  startup.o(RESET)
    ADC0Seq0_Handler                         0x00000283   Thumb Code     0  startup.o(RESET)
    ADC0Seq1_Handler                         0x00000283   Thumb Code     0  startup.o(RESET)
    ADC0Seq2_Handler                         0x00000283   Thumb Code     0  startup.o(RESET)
    ADC0Seq3_Handler                         0x00000283   Thumb Code     0  startup.o(RESET)
    GPIOPortA_Handler                        0x00000283   Thumb Code     0  startup.o(RESET)
    GPIOPortB_Handler                        0x00000283   Thumb Code     0  startup.o(RESET)
    GPIOPortC_Handler                        0x00000283   Thumb Code     0  startup.o(RESET)
    GPIOPortD_Handler                        0x00000283   Thumb Code     0  startup.o(RESET)
    GPIOPortE_Handler                        0x00000283   Thumb Code     0  startup.o(RESET)
    I2C0_Handler                             0x00000283   Thumb Code     0  startup.o(RESET)
    PWM0Fault_Handler                        0x00000283   Thumb Code     0  startup.o(RESET)
    PWM0Generator0_Handler                   0x00000283   Thumb Code     0  startup.o(RESET)
    PWM0Generator1_Handler                   0x00000283   Thumb Code     0  startup.o(RESET)
    PWM0Generator2_Handler                   0x00000283   Thumb Code     0  startup.o(RESET)
    Quadrature0_Handler                      0x00000283   Thumb Code     0  startup.o(RESET)
    SSI0_Handler                             0x00000283   Thumb Code     0  startup.o(RESET)
    Timer0A_Handler                          0x00000283   Thumb Code     0  startup.o(RESET)
    Timer0B_Handler                          0x00000283   Thumb Code     0  startup.o(RESET)
    Timer1A_Handler                          0x00000283   Thumb Code     0  startup.o(RESET)
    Timer1B_Handler                          0x00000283   Thumb Code     0  startup.o(RESET)
    Timer2A_Handler                          0x00000283   Thumb Code     4  startup.o(RESET)
    UART0_Handler                            0x00000283   Thumb Code     0  startup.o(RESET)
    UART1_Handler                            0x00000283   Thumb Code     0  startup.o(RESET)
    WDT_Handler                              0x00000283   Thumb Code     0  startup.o(RESET)
    Comp0_Handler                            0x00000287   Thumb Code     0  startup.o(RESET)
    Comp1_Handler                            0x00000287   Thumb Code     0  startup.o(RESET)
    Comp2_Handler                            0x00000287   Thumb Code     0  startup.o(RESET)
    FlashCtl_Handler                         0x00000287   Thumb Code     0  startup.o(RESET)
    GPIOPortF_Handler                        0x00000287   Thumb Code     4  startup.o(RESET)
    SysCtl_Handler                           0x00000287   Thumb Code     0  startup.o(RESET)
    Timer2B_Handler                          0x00000287   Thumb Code     0  startup.o(RESET)
    ADC1Seq0_Handler                         0x0000028b   Thumb Code     0  startup.o(RESET)
    ADC1Seq1_Handler                         0x0000028b   Thumb Code     0  startup.o(RESET)
    ADC1Seq2_Handler                         0x0000028b   Thumb Code     0  startup.o(RESET)
    ADC1Seq3_Handler                         0x0000028b   Thumb Code     0  startup.o(RESET)
    CAN0_Handler                             0x0000028b   Thumb Code     0  startup.o(RESET)
    CAN1_Handler                             0x0000028b   Thumb Code     0  startup.o(RESET)
    CAN2_Handler                             0x0000028b   Thumb Code     0  startup.o(RESET)
    Ethernet_Handler                         0x0000028b   Thumb Code     0  startup.o(RESET)
    ExtBus_Handler                           0x0000028b   Thumb Code     0  startup.o(RESET)
    FPU_Handler                              0x0000028b   Thumb Code     0  startup.o(RESET)
    Fan0_Handler                             0x0000028b   Thumb Code     0  startup.o(RESET)
    GPIOPortG_Handler                        0x0000028b   Thumb Code     0  startup.o(RESET)
    GPIOPortH_Handler                        0x0000028b   Thumb Code     0  startup.o(RESET)
    GPIOPortJ_Handler                        0x0000028b   Thumb Code     0  startup.o(RESET)
    GPIOPortK_Handler                        0x0000028b   Thumb Code     0  startup.o(RESET)
    GPIOPortL_Handler                        0x0000028b   Thumb Code     0  startup.o(RESET)
    GPIOPortM_Handler                        0x0000028b   Thumb Code     0  startup.o(RESET)
    GPIOPortN_Handler                        0x0000028b   Thumb Code     0  startup.o(RESET)
    GPIOPortP1_Handler                       0x0000028b   Thumb Code     0  startup.o(RESET)
    GPIOPortP2_Handler                       0x0000028b   Thumb Code     0  startup.o(RESET)
    GPIOPortP3_Handler                       0x0000028b   Thumb Code     0  startup.o(RESET)
    GPIOPortP4_Handler                       0x0000028b   Thumb Code     0  startup.o(RESET)
    GPIOPortP5_Handler                       0x0000028b   Thumb Code     0  startup.o(RESET)
    GPIOPortP6_Handler                       0x0000028b   Thumb Code     0  startup.o(RESET)
    GPIOPortP7_Handler                       0x0000028b   Thumb Code     0  startup.o(RESET)
    GPIOPortP_Handler                        0x0000028b   Thumb Code     0  startup.o(RESET)
    GPIOPortQ1_Handler                       0x0000028b   Thumb Code     0  startup.o(RESET)
    GPIOPortQ2_Handler                       0x0000028b   Thumb Code     0  startup.o(RESET)
    GPIOPortQ3_Handler                       0x0000028b   Thumb Code     0  startup.o(RESET)
    GPIOPortQ4_Handler                       0x0000028b   Thumb Code     0  startup.o(RESET)
    GPIOPortQ5_Handler                       0x0000028b   Thumb Code     0  startup.o(RESET)
    GPIOPortQ6_Handler                       0x0000028b   Thumb Code     0  startup.o(RESET)
    GPIOPortQ7_Handler                       0x0000028b   Thumb Code     0  startup.o(RESET)
    GPIOPortQ_Handler                        0x0000028b   Thumb Code     0  startup.o(RESET)
    GPIOPortR_Handler                        0x0000028b   Thumb Code     0  startup.o(RESET)
    GPIOPortS_Handler                        0x0000028b   Thumb Code     0  startup.o(RESET)
    Hibernate_Handler                        0x0000028b   Thumb Code     0  startup.o(RESET)
    I2C1_Handler                             0x0000028b   Thumb Code     0  startup.o(RESET)
    I2C2_Handler                             0x0000028b   Thumb Code     0  startup.o(RESET)
    I2C3_Handler                             0x0000028b   Thumb Code     0  startup.o(RESET)
    I2C4_Handler                             0x0000028b   Thumb Code     0  startup.o(RESET)
    I2C5_Handler                             0x0000028b   Thumb Code     0  startup.o(RESET)
    I2S0_Handler                             0x0000028b   Thumb Code     0  startup.o(RESET)
    LPC0_Handler                             0x0000028b   Thumb Code     0  startup.o(RESET)
    PECI0_Handler                            0x0000028b   Thumb Code     0  startup.o(RESET)
    PWM0Generator3_Handler                   0x0000028b   Thumb Code     0  startup.o(RESET)
    PWM1Fault_Handler                        0x0000028b   Thumb Code     0  startup.o(RESET)
    PWM1Generator0_Handler                   0x0000028b   Thumb Code     0  startup.o(RESET)
    PWM1Generator1_Handler                   0x0000028b   Thumb Code     0  startup.o(RESET)
    PWM1Generator2_Handler                   0x0000028b   Thumb Code     0  startup.o(RESET)
    PWM1Generator3_Handler                   0x0000028b   Thumb Code     0  startup.o(RESET)
    Quadrature1_Handler                      0x0000028b   Thumb Code     0  startup.o(RESET)
    Quadrature2_Handler                      0x0000028b   Thumb Code     0  startup.o(RESET)
    SSI1_Handler                             0x0000028b   Thumb Code     0  startup.o(RESET)
    SSI2_Handler                             0x0000028b   Thumb Code     0  startup.o(RESET)
    SSI3_Handler                             0x0000028b   Thumb Code     0  startup.o(RESET)
    Timer3A_Handler                          0x0000028b   Thumb Code     0  startup.o(RESET)
    Timer3B_Handler                          0x0000028b   Thumb Code     0  startup.o(RESET)
    Timer4A_Handler                          0x0000028b   Thumb Code     0  startup.o(RESET)
    Timer4B_Handler                          0x0000028b   Thumb Code     0  startup.o(RESET)
    Timer5A_Handler                          0x0000028b   Thumb Code     0  startup.o(RESET)
    Timer5B_Handler                          0x0000028b   Thumb Code     0  startup.o(RESET)
    UART2_Handler                            0x0000028b   Thumb Code     0  startup.o(RESET)
    UART3_Handler                            0x0000028b   Thumb Code     0  startup.o(RESET)
    UART4_Handler                            0x0000028b   Thumb Code     0  startup.o(RESET)
    UART5_Handler                            0x0000028b   Thumb Code     0  startup.o(RESET)
    UART6_Handler                            0x0000028b   Thumb Code     0  startup.o(RESET)
    UART7_Handler                            0x0000028b   Thumb Code     0  startup.o(RESET)
    USB0_Handler                             0x0000028b   Thumb Code     0  startup.o(RESET)
    WideTimer0A_Handler                      0x0000028b   Thumb Code     0  startup.o(RESET)
    WideTimer0B_Handler                      0x0000028b   Thumb Code     0  startup.o(RESET)
    WideTimer1A_Handler                      0x0000028b   Thumb Code     0  startup.o(RESET)
    WideTimer1B_Handler                      0x0000028b   Thumb Code     0  startup.o(RESET)
    WideTimer2A_Handler                      0x0000028b   Thumb Code     0  startup.o(RESET)
    WideTimer2B_Handler                      0x0000028b   Thumb Code     0  startup.o(RESET)
    WideTimer3A_Handler                      0x0000028b   Thumb Code     0  startup.o(RESET)
    WideTimer3B_Handler                      0x0000028b   Thumb Code     0  startup.o(RESET)
    WideTimer4A_Handler                      0x0000028b   Thumb Code     0  startup.o(RESET)
    WideTimer4B_Handler                      0x0000028b   Thumb Code     0  startup.o(RESET)
    WideTimer5A_Handler                      0x0000028b   Thumb Code     0  startup.o(RESET)
    WideTimer5B_Handler                      0x0000028b   Thumb Code     0  startup.o(RESET)
    uDMA_Error                               0x0000028b   Thumb Code     0  startup.o(RESET)
    uDMA_Handler                             0x0000028b   Thumb Code     0  startup.o(RESET)
    __main                                   0x0000028d   Thumb Code   144  main.o(.text)
    __use_two_region_memory                  0x0000031d   Thumb Code     2  heapauxi.o(.text)
    __rt_heap_escrow$2region                 0x0000031f   Thumb Code     2  heapauxi.o(.text)
    __rt_heap_expand$2region                 0x00000321   Thumb Code     2  heapauxi.o(.text)
    MEASURE_PWM                              0x00000325   Thumb Code    88  measure_pulse_width.o(PULSE_WIDTH)
    INIT_NOKIA_5510                          0x00000569   Thumb Code     0  nokia_5110_lcd.o(SCREEN)
    SSI_SEND                                 0x00000657   Thumb Code     0  nokia_5110_lcd.o(SCREEN)
    PRINT_CHAR                               0x0000066b   Thumb Code     0  nokia_5110_lcd.o(SCREEN)
    PRINT_STRING                             0x000006b5   Thumb Code     0  nokia_5110_lcd.o(SCREEN)
    CLEAR_SCREEN                             0x000006cd   Thumb Code     0  nokia_5110_lcd.o(SCREEN)
    PWM_AND_MOTOR_INIT                       0x00000765   Thumb Code   444  pwm_and_motor_init.o(pwm)
    DELAY                                    0x0000099d   Thumb Code     2  delay100.o(routines)
    INIT_GPIO                                0x000009b9   Thumb Code   178  init_gpio.o(routines)
    INIT_ADC                                 0x00000ab9   Thumb Code   152  init_adc.o(routines)
    My_GPIO_PORTF_Handler                    0x00000b79   Thumb Code   124  my_gpio_portf_handler.o(routines)
    MY_MOTOR_Handler                         0x00000c05   Thumb Code    20  my_motor_handler.o(routines)
    CONVERT_PRINT                            0x00000c1d   Thumb Code   176  convert_print.o(routines)
    NORMAL_BAR_SELECTION                     0x00000f75   Thumb Code   824  bar_selection.o(routines)
    ADC_THRESHOLD                            0x000013a9   Thumb Code   172  adc_threshold.o(routines)
    NORMAL_MODE_OUTPUT                       0x0000150b   Thumb Code   130  screen_outputs.o(routines)
    PREVENTATIVE_BREAK_MODE_OUTPUT           0x0000158d   Thumb Code   150  screen_outputs.o(routines)
    THRESHOLD_MODE_OUTPUT                    0x00001623   Thumb Code    80  screen_outputs.o(routines)
    FullStepMode                             0x00001695   Thumb Code    76  fullstepmode.o(subroutines)



==============================================================================

Memory Map of the image

  Image Entry point : 0x0000026d

  Load Region LR_1 (Base: 0x00000000, Size: 0x00001ae8, Max: 0xffffffff, ABSOLUTE)

    Execution Region ER_RO (Exec base: 0x00000000, Load base: 0x00000000, Size: 0x000016e4, Max: 0xffffffff, ABSOLUTE)

    Exec Addr    Load Addr    Size         Type   Attr      Idx    E Section Name        Object

    0x00000000   0x00000000   0x0000028c   Code   RO           12  * RESET               startup.o
    0x0000028c   0x0000028c   0x00000090   Code   RO            6    .text               main.o
    0x0000031c   0x0000031c   0x00000006   Code   RO           68    .text               c_w.l(heapauxi.o)
    0x00000322   0x00000322   0x00000002   PAD
    0x00000324   0x00000324   0x00000068   Code   RO           35    PULSE_WIDTH         measure_pulse_width.o
    0x0000038c   0x0000038c   0x000003d8   Code   RO           55    SCREEN              nokia_5110_lcd.o
    0x00000764   0x00000764   0x00000238   Code   RO           43    pwm                 pwm_and_motor_init.o
    0x0000099c   0x0000099c   0x0000001c   Code   RO            1    routines            delay100.o
    0x000009b8   0x000009b8   0x00000100   Code   RO           19    routines            init_gpio.o
    0x00000ab8   0x00000ab8   0x000000c0   Code   RO           23    routines            init_adc.o
    0x00000b78   0x00000b78   0x0000008c   Code   RO           27    routines            my_gpio_portf_handler.o
    0x00000c04   0x00000c04   0x00000018   Code   RO           39    routines            my_motor_handler.o
    0x00000c1c   0x00000c1c   0x000000b4   Code   RO           47    routines            convert_print.o
    0x00000cd0   0x00000cd0   0x00000690   Code   RO           51    routines            bar_selection.o
    0x00001360   0x00001360   0x00000104   Code   RO           58    routines            adc_threshold.o
    0x00001464   0x00001464   0x00000230   Code   RO           62    routines            screen_outputs.o
    0x00001694   0x00001694   0x00000050   Code   RO           31    subroutines         fullstepmode.o


    Execution Region ER_RW (Exec base: 0x20000000, Load base: 0x000016e8, Size: 0x00000400, Max: 0xffffffff, ABSOLUTE)

    Exec Addr    Load Addr    Size         Type   Attr      Idx    E Section Name        Object

    0x20000000   0x000016e8   0x00000400   Data   RW           10    STACK               startup.o


    Execution Region ER_ZI (Exec base: 0x20000400, Load base: 0x00001ae8, Size: 0x00000000, Max: 0xffffffff, ABSOLUTE)

    **** No section assigned to this execution region ****


==============================================================================

Image component sizes


      Code (inc. data)   RO Data    RW Data    ZI Data      Debug   Object Name

       260        108          0          0          0        420   adc_threshold.o
      1680        856          0          0          0        676   bar_selection.o
       180          4          0          0          0        412   convert_print.o
        28          6          0          0          0        248   delay100.o
        80          6          0          0          0        384   fullstepmode.o
       192         40          0          0          0        404   init_adc.o
       256         72          0          0          0        416   init_gpio.o
       144         12          0          0          0        404   main.o
       104         16          0          0          0        404   measure_pulse_width.o
       140         16          0          0          0        428   my_gpio_portf_handler.o
        24          4          0          0          0        372   my_motor_handler.o
       984        540          0          0          0        384   nokia_5110_lcd.o
       568        124          0          0          0        544   pwm_and_motor_init.o
       560        296          0          0          0        804   screen_outputs.o
       652        620          0       1024          0        784   startup.o

    ----------------------------------------------------------------------
      5852       2720          0       1024          0       7084   Object Totals
         0          0          0          0          0          0   (incl. Generated)
         0          0          0          0          0          0   (incl. Padding)

    ----------------------------------------------------------------------

      Code (inc. data)   RO Data    RW Data    ZI Data      Debug   Library Member Name

         6          0          0          0          0        152   heapauxi.o

    ----------------------------------------------------------------------
         8          0          0          0          0        152   Library Totals
         2          0          0          0          0          0   (incl. Padding)

    ----------------------------------------------------------------------

      Code (inc. data)   RO Data    RW Data    ZI Data      Debug   Library Name

         6          0          0          0          0        152   c_w.l

    ----------------------------------------------------------------------
         8          0          0          0          0        152   Library Totals

    ----------------------------------------------------------------------

==============================================================================


      Code (inc. data)   RO Data    RW Data    ZI Data      Debug   

      5860       2720          0       1024          0       6036   Grand Totals
      5860       2720          0       1024          0       6036   ELF Image Totals
      5860       2720          0       1024          0          0   ROM Totals

==============================================================================

    Total RO  Size (Code + RO Data)                 5860 (   5.72kB)
    Total RW  Size (RW Data + ZI Data)              1024 (   1.00kB)
    Total ROM Size (Code + RO Data + RW Data)       6884 (   6.72kB)

==============================================================================

